
UDejaVuSans           <dvsm.enc <DejaVuSans.ttf
UDejaVuSans-Bold       <dvsm.enc <DejaVuSans-Bold.ttf
UDejaVuSans-Oblique           <dvsm.enc <DejaVuSans-Oblique.ttf
UDejaVuSans-BoldOblique       <dvsm.enc <DejaVuSans-BoldOblique.ttf


UDejaVuSansMono       <dvsm.enc <DejaVuSansMono.ttf
UDejaVuSansMono-Bold   <dvsm.enc <DejaVuSansMono-Bold.ttf
UDejaVuSansMono-Oblique   <dvsm.enc <DejaVuSansMono-Oblique.ttf
UDejaVuSansMono-BoldOblique   <dvsm.enc <DejaVuSansMono-BoldOblique.ttf

OT1DejaVuSansMono      <8r.enc <DejaVuSansMono.ttf
OT1DejaVuSansMono-Bold  <8r.enc <DejaVuSansMono-Bold.ttf
OT1DejaVuSansMono-Oblique      <8r.enc <DejaVuSansMono-Oblique.ttf
OT1DejaVuSansMono-BoldOblique  <8r.enc <DejaVuSansMono-BoldOblique.ttf

OMSDejaVuSansMono      <texmsym.enc <DejaVuSansMono.ttf
OMSDejaVuSansMono-Bold  <texmsym.enc <DejaVuSansMono-Bold.ttf
OMSDejaVuSansMono-Oblique      <texmsym.enc <DejaVuSansMono-Oblique.ttf
OMSDejaVuSansMono-BoldOblique  <texmsym.enc <DejaVuSansMono-BoldOblique.ttf

T1DejaVuSansMono       <cork.enc <DejaVuSansMono.ttf
T1DejaVuSansMono-Bold   <cork.enc <DejaVuSansMono-Bold.ttf
T1DejaVuSansMono-Oblique       <cork.enc <DejaVuSansMono-Oblique.ttf
T1DejaVuSansMono-BoldOblique   <cork.enc <DejaVuSansMono-BoldOblique.ttf
